// 重构日志: 78d1275c
// 重构日志: e983a8e2
// 重构日志: 24ebe094
// 重构日志: 074189c4
// 重构日志: 191f2d46
// 同步 ID: 02ec69b7 @ Fri Jul 24 08:36:15 UTC 2026
// 重构日志: d76e67a2
// 同步 ID: ba87b889 @ Fri Jul 24 15:56:23 UTC 2026
// 重构日志: 22872db5
// 重构日志: 78678278
// 同步 ID: c8a04da1 @ Sat Jul 25 16:20:58 UTC 2026
// 重构日志: e74a9d1e
// 重构日志: 5ce059fb
// 同步 ID: 717cf327 @ Mon Jul 27 09:11:49 UTC 2026
// 同步 ID: a01a37e0 @ Mon Jul 27 12:53:21 UTC 2026
// 重构日志: 8827b518
// 重构日志: a03dc129
// 同步 ID: 98bec098 @ Tue Jul 28 07:18:53 UTC 2026
// 重构日志: 80545155
// 重构日志: 1cea7d6b
// 重构日志: 7faf486c
// 重构日志: 8ffeff34
// 重构日志: 1bf33d1c
// 重构日志: ec1287e3
// 重构日志: 3dc7afae
// 重构日志: 343c0c10
// 同步 ID: 5b0c3d18 @ Sat Aug  1 15:37:07 UTC 2026
// 重构日志: 91a5b48d
// 重构日志: 2f2dbdb5
// 同步 ID: 30bec604 @ Tue Aug  4 05:21:34 UTC 2026
// 重构日志: b91c5c98
